Downloading cpython-3.13.13-linux-x86_64-gnu (download) (33.3MiB)
 Downloaded cpython-3.13.13-linux-x86_64-gnu (download)
Installed Python 3.13.13 in 1.14s
 + cpython-3.13.13-linux-x86_64-gnu (python3.13)
warning: `/root/.local/bin` is not on your PATH. To use installed Python executables, run `export PATH="/root/.local/bin:$PATH"` or `uv python update-shell`.
Using CPython 3.13.13
Creating virtual environment at: /cache/exp14/runtime/venv
Activate with: source cache/exp14/runtime/venv/bin/activate
Using Python 3.13.13 environment at: /cache/exp14/runtime/venv
Resolved 28 packages in 2.86s
Downloading sympy (6.0MiB)
Downloading networkx (2.0MiB)
Downloading cuda-bindings (11.4MiB)
Downloading triton (179.6MiB)
Downloading torch (874.4MiB)
Downloading nvidia-curand-cu12 (60.7MiB)
Downloading nvidia-cusolver-cu12 (255.1MiB)
Downloading setuptools (1.2MiB)
Downloading nvidia-cufft-cu12 (184.2MiB)
Downloading nvidia-nccl-cu12 (307.4MiB)
Downloading nvidia-nvshmem-cu12 (132.7MiB)
Downloading nvidia-cuda-nvrtc-cu12 (84.0MiB)
Downloading nvidia-cusparse-cu12 (274.9MiB)
Downloading nvidia-cublas-cu12 (566.8MiB)
Downloading nvidia-cuda-cupti-cu12 (9.8MiB)
Downloading nvidia-cufile-cu12 (1.1MiB)
Downloading nvidia-cusparselt-cu12 (273.9MiB)
Downloading nvidia-nvjitlink-cu12 (37.4MiB)
Downloading nvidia-cudnn-cu12 (674.0MiB)
 Downloaded nvidia-cufile-cu12
 Downloaded cuda-bindings
 Downloaded nvidia-cuda-cupti-cu12
 Downloaded setuptools
 Downloaded networkx
 Downloaded nvidia-curand-cu12
 Downloaded triton
 Downloaded nvidia-nvjitlink-cu12
 Downloaded sympy
 Downloaded nvidia-cuda-nvrtc-cu12
 Downloaded nvidia-nvshmem-cu12
 Downloaded nvidia-cufft-cu12
 Downloaded nvidia-cusparse-cu12
 Downloaded nvidia-cusolver-cu12
 Downloaded nvidia-cusparselt-cu12
 Downloaded nvidia-nccl-cu12
 Downloaded nvidia-cublas-cu12
 Downloaded nvidia-cudnn-cu12
 Downloaded torch
Prepared 28 packages in 37.98s
Installed 28 packages in 445ms
 + cuda-bindings==12.9.4
 + cuda-pathfinder==1.2.2
 + filelock==3.29.0
 + fsspec==2026.4.0
 + jinja2==3.1.6
 + markupsafe==3.0.3
 + mpmath==1.3.0
 + networkx==3.6.1
 + nvidia-cublas-cu12==12.8.4.1
 + nvidia-cuda-cupti-cu12==12.8.90
 + nvidia-cuda-nvrtc-cu12==12.8.93
 + nvidia-cuda-runtime-cu12==12.8.90
 + nvidia-cudnn-cu12==9.10.2.21
 + nvidia-cufft-cu12==11.3.3.83
 + nvidia-cufile-cu12==1.13.1.3
 + nvidia-curand-cu12==10.3.9.90
 + nvidia-cusolver-cu12==11.7.3.90
 + nvidia-cusparse-cu12==12.5.8.93
 + nvidia-cusparselt-cu12==0.7.1
 + nvidia-nccl-cu12==2.27.5
 + nvidia-nvjitlink-cu12==12.8.93
 + nvidia-nvshmem-cu12==3.4.5
 + nvidia-nvtx-cu12==12.8.90
 + setuptools==78.1.0
 + sympy==1.14.0
 + torch==2.10.0+cu128
 + triton==3.6.0
 + typing-extensions==4.15.0
Using Python 3.13.13 environment at: /cache/exp14/runtime/venv
Resolved 57 packages in 941ms
Downloading numpy (15.9MiB)
Downloading pydantic-core (2.0MiB)
Downloading aiohttp (1.7MiB)
Downloading pygments (1.2MiB)
Downloading tokenizers (3.1MiB)
Downloading transformers (11.1MiB)
Downloading hf-xet (4.3MiB)
Downloading pyarrow (47.8MiB)
Downloading pandas (10.4MiB)
Downloading wandb (25.3MiB)
 Downloaded aiohttp
 Downloaded pydantic-core
 Downloaded tokenizers
 Downloaded hf-xet
 Downloaded pygments
 Downloaded numpy
 Downloaded pandas
 Downloaded wandb
 Downloaded pyarrow
 Downloaded transformers
Prepared 55 packages in 2.40s
Uninstalled 1 package in 1ms
Installed 55 packages in 310ms
 + aiohappyeyeballs==2.7.1
 + aiohttp==3.14.3
 + aiosignal==1.4.0
 + annotated-doc==0.0.5
 + annotated-types==0.8.0
 + anyio==4.14.2
 + attrs==26.1.0
 + certifi==2026.7.22
 + charset-normalizer==3.4.9
 + click==8.4.2
 + datasets==4.4.0
 + dill==0.4.0
 + einops==0.8.2
 + fla-core==0.5.2
 + flash-linear-attention==0.5.2
 + frozenlist==1.8.0
 - fsspec==2026.4.0
 + fsspec==2025.10.0
 + h11==0.16.0
 + hf-xet==1.6.0
 + httpcore==1.0.9
 + httpx==0.28.1
 + huggingface-hub==1.26.0
 + idna==3.18
 + markdown-it-py==4.2.0
 + mdurl==0.1.2
 + multidict==6.7.1
 + multiprocess==0.70.18
 + numpy==2.5.1
 + packaging==26.3
 + pandas==3.0.5
 + platformdirs==4.11.0
 + propcache==0.5.2
 + protobuf==7.35.1
 + pyarrow==25.0.0
 + pydantic==2.13.4
 + pydantic-core==2.46.4
 + pygments==2.20.0
 + python-dateutil==2.9.0.post0
 + pyyaml==6.0.3
 + regex==2026.7.19
 + requests==2.34.2
 + rich==15.0.0
 + safetensors==0.8.0
 + sentry-sdk==2.66.1
 + shellingham==1.5.4
 + six==1.17.0
 + tokenizers==0.22.2
 + tqdm==4.70.0
 + transformers==5.14.1
 + typer==0.27.1
 + typing-inspection==0.4.2
 + urllib3==2.7.0
 + wandb==0.28.1
 + xxhash==3.8.1
 + yarl==1.24.5
EXP14_RUNTIME_READY 2.10.0+cu128 8
/cache/exp10/data/wikitext/manifest.json: OK
/cache/exp10/data/wikitext/train.npy: OK
/cache/exp10/data/wikitext/validation.npy: OK
/cache/exp10/data/wikitext/test.npy: OK
wandb: [wandb.login()] Using explicit session credentials for https://api.wandb.ai.
wandb: No netrc file found, creating one.
wandb: Appending key for api.wandb.ai to your netrc file: /root/.netrc
wandb: Currently logged in as: lev-tear (lev-tear-tear-labs) to https://api.wandb.ai. Use `wandb login --relogin` to force relogin
wandb: Tracking run with wandb version 0.28.1
wandb: Run data is saved locally in /wandb/run-20260805_194621-c813xaby
wandb: Run `wandb offline` to turn off syncing.
wandb: Syncing run exp19-matched-5m-conditioning-repair
wandb: ⭐️ View project at https://wandb.ai/lev-tear-tear-labs/exp19-norm-residual
wandb: 🚀 View run at https://wandb.ai/lev-tear-tear-labs/exp19-norm-residual/runs/c813xaby
WANDB_URL=https://wandb.ai/lev-tear-tear-labs/exp19-norm-residual/runs/c813xaby
wandb: updating run metadata
wandb: 🚀 View run exp19-matched-5m-conditioning-repair at: https://wandb.ai/lev-tear-tear-labs/exp19-norm-residual/runs/c813xaby
wandb: ⭐️ View project at: https://wandb.ai/lev-tear-tear-labs/exp19-norm-residual
wandb: Synced 5 W&B file(s), 0 media file(s), 0 artifact file(s) and 0 other file(s)
wandb: Find logs at:
Traceback (most recent call last):
  File "<frozen runpy>", line 198, in _run_module_as_main
  File "<frozen runpy>", line 88, in _run_code
  File "/cache/exp14/source-462497ba55dc/exp19_norm_residual/campaign.py", line 1610, in <module>
    main()
    ~~~~^^
  File "/cache/exp14/source-462497ba55dc/exp19_norm_residual/campaign.py", line 1601, in main
    result = run_campaign(
        args.output,
        data_root=args.data_root,
        heartbeat=args.heartbeat,
    )
  File "/cache/exp14/source-462497ba55dc/exp19_norm_residual/campaign.py", line 1484, in run_campaign
    preflight = paid_preflight(data, cells)
  File "/cache/exp14/source-462497ba55dc/exp19_norm_residual/campaign.py", line 1277, in paid_preflight
    all_complete(correctness, "global correctness/parity gate")
    ~~~~~~~~~~~~^^^^^^^^^^^^^^^^^^^^^^^^^^^^^^^^^^^^^^^^^^^^^^^
  File "/cache/exp14/source-462497ba55dc/exp19_norm_residual/campaign.py", line 1221, in all_complete
    raise RuntimeError(f"{label} failed: {summary}")
RuntimeError: global correctness/parity gate failed: [{'model': 'prenorm-affine-free-redundant-r1', 'kind': 'correctness', 'stage': None, 'failure': None, 'failed_gates': ['compiled_bf16_gradient_parity', 'checkpoint_optimizer_step_parity', 'initial_branch_gate']}, {'model': 'prenorm-learned-mixed-redundant-r1', 'kind': 'correctness', 'stage': None, 'failure': None, 'failed_gates': ['compiled_bf16_gradient_parity', 'checkpoint_optimizer_step_parity', 'initial_branch_gate']}, {'model': 'prenorm-no-router-token-ffn', 'kind': 'correctness', 'stage': None, 'failure': None, 'failed_gates': ['initial_branch_gate']}, {'model': 'prenorm-transformer-d32-w128', 'kind': 'correctness', 'stage': None, 'failure': None, 'failed_gates': ['initial_branch_gate']}]
